components/Themed.tsx(24,26): error TS7053: Element implicitly has an 'any' type because expression of type 'ColorSchemeName' can't be used to index type '{ light?: string | undefined; dark?: string | undefined; }'.
  Property 'unspecified' does not exist on type '{ light?: string | undefined; dark?: string | undefined; }'.
components/Themed.tsx(29,12): error TS7053: Element implicitly has an 'any' type because expression of type 'ColorSchemeName' can't be used to index type '{ light: { text: string; background: string; tint: string; tabIconDefault: string; tabIconSelected: string; }; dark: { text: string; background: string; tint: string; tabIconDefault: string; tabIconSelected: string; }; }'.
  Property 'unspecified' does not exist on type '{ light: { text: string; background: string; tint: string; tabIconDefault: string; tabIconSelected: string; }; dark: { text: string; background: string; tint: string; tabIconDefault: string; tabIconSelected: string; }; }'.
